Menu:
	r to find a route
	b to see a list of all buildings
	q to quit

Enter an option ('m' to see the menu): # Verify that the program prints 
# "Unknown building: " + buildingName 
# once when starting building is unknown.
Abbreviated name of starting building: Abbreviated name of ending building: Unknown building: NBA

Enter an option ('m' to see the menu): 
# terminate the program
